Archive member included to satisfy reference by file (symbol)

../libopencm3/lib/libopencm3_stm32f1.a(gpio.o)
                              miniblink.o (gpio_set_mode)
../libopencm3/lib/libopencm3_stm32f1.a(gpio_common_all.o)
                              miniblink.o (gpio_toggle)
../libopencm3/lib/libopencm3_stm32f1.a(rcc_common_all.o)
                              miniblink.o (rcc_periph_clock_enable)
../libopencm3/lib/libopencm3_stm32f1.a(vector.o)
                              (reset_handler)
/usr/lib/gcc/arm-none-eabi/8.1.0/../../../../arm-none-eabi/lib/thumb/v7-m/nofp/libc.a(lib_a-memcpy.o)
                              queue.o (memcpy)
/usr/lib/gcc/arm-none-eabi/8.1.0/../../../../arm-none-eabi/lib/thumb/v7-m/nofp/libc.a(lib_a-memset.o)
                              tasks.o (memset)

Discarded input sections

 .group         0x0000000000000000        0xc miniblink.o
 .group         0x0000000000000000        0xc miniblink.o
 .group         0x0000000000000000        0xc miniblink.o
 .group         0x0000000000000000        0xc miniblink.o
 .group         0x0000000000000000        0xc miniblink.o
 .group         0x0000000000000000        0xc miniblink.o
 .group         0x0000000000000000        0xc miniblink.o
 .group         0x0000000000000000        0xc miniblink.o
 .group         0x0000000000000000        0xc miniblink.o
 .group         0x0000000000000000        0xc miniblink.o
 .group         0x0000000000000000        0xc miniblink.o
 .group         0x0000000000000000        0xc miniblink.o
 .group         0x0000000000000000        0xc miniblink.o
 .group         0x0000000000000000        0xc miniblink.o
 .group         0x0000000000000000        0xc miniblink.o
 .group         0x0000000000000000        0xc miniblink.o
 .group         0x0000000000000000        0xc miniblink.o
 .group         0x0000000000000000        0xc miniblink.o
 .group         0x0000000000000000        0xc miniblink.o
 .group         0x0000000000000000        0xc miniblink.o
 .group         0x0000000000000000        0xc miniblink.o
 .group         0x0000000000000000        0xc miniblink.o
 .group         0x0000000000000000        0xc miniblink.o
 .group         0x0000000000000000        0xc miniblink.o
 .group         0x0000000000000000        0xc miniblink.o
 .text          0x0000000000000000        0x0 miniblink.o
 .data          0x0000000000000000        0x0 miniblink.o
 .bss           0x0000000000000000        0x0 miniblink.o
 .group         0x0000000000000000        0xc tasks.o
 .group         0x0000000000000000        0xc tasks.o
 .group         0x0000000000000000        0xc tasks.o
 .group         0x0000000000000000        0xc tasks.o
 .group         0x0000000000000000        0xc tasks.o
 .group         0x0000000000000000        0xc tasks.o
 .group         0x0000000000000000        0xc tasks.o
 .group         0x0000000000000000        0xc tasks.o
 .group         0x0000000000000000        0xc tasks.o
 .group         0x0000000000000000        0xc tasks.o
 .group         0x0000000000000000        0xc tasks.o
 .group         0x0000000000000000        0xc tasks.o
 .group         0x0000000000000000        0xc tasks.o
 .group         0x0000000000000000        0xc tasks.o
 .group         0x0000000000000000        0xc tasks.o
 .group         0x0000000000000000        0xc tasks.o
 .group         0x0000000000000000        0xc tasks.o
 .group         0x0000000000000000        0xc tasks.o
 .group         0x0000000000000000        0xc tasks.o
 .group         0x0000000000000000        0xc tasks.o
 .group         0x0000000000000000        0xc tasks.o
 .group         0x0000000000000000        0xc tasks.o
 .group         0x0000000000000000        0xc tasks.o
 .group         0x0000000000000000        0xc tasks.o
 .group         0x0000000000000000        0xc tasks.o
 .group         0x0000000000000000        0xc tasks.o
 .group         0x0000000000000000        0xc tasks.o
 .group         0x0000000000000000        0xc tasks.o
 .group         0x0000000000000000        0xc tasks.o
 .group         0x0000000000000000        0xc tasks.o
 .group         0x0000000000000000        0xc tasks.o
 .group         0x0000000000000000        0xc tasks.o
 .group         0x0000000000000000        0xc tasks.o
 .text          0x0000000000000000        0x0 tasks.o
 .data          0x0000000000000000        0x0 tasks.o
 .bss           0x0000000000000000        0x0 tasks.o
 .text.vTaskDelete
                0x0000000000000000       0xbc tasks.o
 .text.eTaskGetState
                0x0000000000000000       0x68 tasks.o
 .text.uxTaskPriorityGet
                0x0000000000000000       0x1c tasks.o
 .text.uxTaskPriorityGetFromISR
                0x0000000000000000       0x28 tasks.o
 .text.vTaskPrioritySet
                0x0000000000000000       0xc8 tasks.o
 .text.vTaskResume
                0x0000000000000000       0x88 tasks.o
 .text.xTaskResumeFromISR
                0x0000000000000000       0x90 tasks.o
 .text.vTaskEndScheduler
                0x0000000000000000       0x20 tasks.o
 .text.xTaskGetTickCountFromISR
                0x0000000000000000        0xc tasks.o
 .text.uxTaskGetNumberOfTasks
                0x0000000000000000        0xc tasks.o
 .text.pcTaskGetName
                0x0000000000000000       0x10 tasks.o
 .text.vTaskDelayUntil
                0x0000000000000000       0x4c tasks.o
 .text.vTaskSuspend
                0x0000000000000000       0xbc tasks.o
 .text.vTaskPlaceOnEventList
                0x0000000000000000       0x20 tasks.o
 .text.vTaskPlaceOnUnorderedEventList
                0x0000000000000000       0x28 tasks.o
 .text.xTaskRemoveFromEventList
                0x0000000000000000       0x70 tasks.o
 .text.vTaskRemoveFromUnorderedEventList
                0x0000000000000000       0x58 tasks.o
 .text.vTaskSetTimeOutState
                0x0000000000000000       0x24 tasks.o
 .text.vTaskInternalSetTimeOutState
                0x0000000000000000       0x18 tasks.o
 .text.xTaskCheckForTimeOut
                0x0000000000000000       0x50 tasks.o
 .text.vTaskMissedYield
                0x0000000000000000        0xc tasks.o
 .text.uxTaskGetTaskNumber
                0x0000000000000000        0x6 tasks.o
 .text.vTaskSetTaskNumber
                0x0000000000000000        0x6 tasks.o
 .text.vTaskGetInfo
                0x0000000000000000       0x7c tasks.o
 .text.prvListTasksWithinSingleList
                0x0000000000000000       0x5c tasks.o
 .text.uxTaskGetSystemState
                0x0000000000000000       0xa0 tasks.o
 .text.xTaskGetCurrentTaskHandle
                0x0000000000000000        0xc tasks.o
 .text.xTaskPriorityInherit
                0x0000000000000000       0xa8 tasks.o
 .text.xTaskPriorityDisinherit
                0x0000000000000000       0x70 tasks.o
 .text.vTaskPriorityDisinheritAfterTimeout
                0x0000000000000000       0x7c tasks.o
 .text.uxTaskResetEventItemValue
                0x0000000000000000       0x18 tasks.o
 .text.pvTaskIncrementMutexHeldCount
                0x0000000000000000       0x18 tasks.o
 .text.ulTaskNotifyTake
                0x0000000000000000       0x64 tasks.o
 .text.xTaskNotifyWait
                0x0000000000000000       0x88 tasks.o
 .text.xTaskGenericNotify
                0x0000000000000000       0xa8 tasks.o
 .text.xTaskGenericNotifyFromISR
                0x0000000000000000       0xc4 tasks.o
 .text.vTaskNotifyGiveFromISR
                0x0000000000000000       0x9c tasks.o
 .text.xTaskNotifyStateClear
                0x0000000000000000       0x2c tasks.o
 .debug_macro   0x0000000000000000       0x22 tasks.o
 .debug_macro   0x0000000000000000       0xef tasks.o
 .debug_macro   0x0000000000000000       0x6a tasks.o
 .debug_macro   0x0000000000000000      0x1df tasks.o
 .debug_macro   0x0000000000000000       0xdc tasks.o
 .debug_macro   0x0000000000000000      0x15a tasks.o
 .debug_macro   0x0000000000000000       0xd6 tasks.o
 .debug_macro   0x0000000000000000       0x10 tasks.o
 .debug_macro   0x0000000000000000       0x1f tasks.o
 .debug_macro   0x0000000000000000      0x4be tasks.o
 .debug_macro   0x0000000000000000       0xb5 tasks.o
 .debug_macro   0x0000000000000000       0x8c tasks.o
 .group         0x0000000000000000        0xc queue.o
 .group         0x0000000000000000        0xc queue.o
 .group         0x0000000000000000        0xc queue.o
 .group         0x0000000000000000        0xc queue.o
 .group         0x0000000000000000        0xc queue.o
 .group         0x0000000000000000        0xc queue.o
 .group         0x0000000000000000        0xc queue.o
 .group         0x0000000000000000        0xc queue.o
 .group         0x0000000000000000        0xc queue.o
 .group         0x0000000000000000        0xc queue.o
 .group         0x0000000000000000        0xc queue.o
 .group         0x0000000000000000        0xc queue.o
 .group         0x0000000000000000        0xc queue.o
 .group         0x0000000000000000        0xc queue.o
 .group         0x0000000000000000        0xc queue.o
 .group         0x0000000000000000        0xc queue.o
 .group         0x0000000000000000        0xc queue.o
 .group         0x0000000000000000        0xc queue.o
 .group         0x0000000000000000        0xc queue.o
 .group         0x0000000000000000        0xc queue.o
 .group         0x0000000000000000        0xc queue.o
 .group         0x0000000000000000        0xc queue.o
 .group         0x0000000000000000        0xc queue.o
 .group         0x0000000000000000        0xc queue.o
 .group         0x0000000000000000        0xc queue.o
 .group         0x0000000000000000        0xc queue.o
 .group         0x0000000000000000        0xc queue.o
 .group         0x0000000000000000        0xc queue.o
 .group         0x0000000000000000        0xc queue.o
 .group         0x0000000000000000        0xc queue.o
 .group         0x0000000000000000        0xc queue.o
 .group         0x0000000000000000        0xc queue.o
 .text          0x0000000000000000        0x0 queue.o
 .data          0x0000000000000000        0x0 queue.o
 .bss           0x0000000000000000        0x0 queue.o
 .text.prvIsQueueEmpty
                0x0000000000000000       0x16 queue.o
 .text.prvCopyDataToQueue
                0x0000000000000000       0x66 queue.o
 .text.prvCopyDataFromQueue
                0x0000000000000000       0x28 queue.o
 .text.prvUnlockQueue
                0x0000000000000000       0x70 queue.o
 .text.xQueueGenericReset
                0x0000000000000000       0x6c queue.o
 .text.xQueueGenericCreate
                0x0000000000000000       0x34 queue.o
 .text.xQueueCreateCountingSemaphore
                0x0000000000000000       0x12 queue.o
 .text.xQueueGenericSend
                0x0000000000000000       0xfc queue.o
 .text.xQueueCreateMutex
                0x0000000000000000       0x24 queue.o
 .text.xQueueGiveMutexRecursive
                0x0000000000000000       0x28 queue.o
 .text.xQueueGenericSendFromISR
                0x0000000000000000       0x68 queue.o
 .text.xQueueGiveFromISR
                0x0000000000000000       0x5c queue.o
 .text.xQueueReceive
                0x0000000000000000       0xf0 queue.o
 .text.xQueueSemaphoreTake
                0x0000000000000000      0x128 queue.o
 .text.xQueueTakeMutexRecursive
                0x0000000000000000       0x2e queue.o
 .text.xQueuePeek
                0x0000000000000000       0xf0 queue.o
 .text.xQueueReceiveFromISR
                0x0000000000000000       0x68 queue.o
 .text.xQueuePeekFromISR
                0x0000000000000000       0x30 queue.o
 .text.uxQueueMessagesWaiting
                0x0000000000000000       0x12 queue.o
 .text.uxQueueSpacesAvailable
                0x0000000000000000       0x16 queue.o
 .text.uxQueueMessagesWaitingFromISR
                0x0000000000000000        0x4 queue.o
 .text.vQueueDelete
                0x0000000000000000        0x4 queue.o
 .text.uxQueueGetQueueNumber
                0x0000000000000000        0x4 queue.o
 .text.vQueueSetQueueNumber
                0x0000000000000000        0x4 queue.o
 .text.ucQueueGetQueueType
                0x0000000000000000        0x6 queue.o
 .text.xQueueIsQueueEmptyFromISR
                0x0000000000000000        0xa queue.o
 .text.xQueueIsQueueFullFromISR
                0x0000000000000000        0xc queue.o
 .debug_info    0x0000000000000000     0x2381 queue.o
 .debug_abbrev  0x0000000000000000      0x457 queue.o
 .debug_loc     0x0000000000000000     0x1432 queue.o
 .debug_aranges
                0x0000000000000000       0xf0 queue.o
 .debug_ranges  0x0000000000000000      0x280 queue.o
 .debug_macro   0x0000000000000000      0x1e3 queue.o
 .debug_macro   0x0000000000000000      0xa84 queue.o
 .debug_macro   0x0000000000000000       0x18 queue.o
 .debug_macro   0x0000000000000000       0x22 queue.o
 .debug_macro   0x0000000000000000       0x4c queue.o
 .debug_macro   0x0000000000000000       0x5c queue.o
 .debug_macro   0x0000000000000000       0x35 queue.o
 .debug_macro   0x0000000000000000       0x34 queue.o
 .debug_macro   0x0000000000000000       0x16 queue.o
 .debug_macro   0x0000000000000000      0x10e queue.o
 .debug_macro   0x0000000000000000       0x86 queue.o
 .debug_macro   0x0000000000000000       0x57 queue.o
 .debug_macro   0x0000000000000000       0x52 queue.o
 .debug_macro   0x0000000000000000       0x1f queue.o
 .debug_macro   0x0000000000000000       0x43 queue.o
 .debug_macro   0x0000000000000000       0x20 queue.o
 .debug_macro   0x0000000000000000      0x18e queue.o
 .debug_macro   0x0000000000000000      0x353 queue.o
 .debug_macro   0x0000000000000000       0x22 queue.o
 .debug_macro   0x0000000000000000       0x16 queue.o
 .debug_macro   0x0000000000000000       0x35 queue.o
 .debug_macro   0x0000000000000000       0xef queue.o
 .debug_macro   0x0000000000000000       0x6a queue.o
 .debug_macro   0x0000000000000000      0x1df queue.o
 .debug_macro   0x0000000000000000       0xdc queue.o
 .debug_macro   0x0000000000000000      0x15a queue.o
 .debug_macro   0x0000000000000000       0xd6 queue.o
 .debug_macro   0x0000000000000000       0x10 queue.o
 .debug_macro   0x0000000000000000       0x1f queue.o
 .debug_macro   0x0000000000000000      0x4be queue.o
 .debug_macro   0x0000000000000000       0xb5 queue.o
 .debug_macro   0x0000000000000000       0x8c queue.o
 .debug_macro   0x0000000000000000       0x86 queue.o
 .debug_line    0x0000000000000000     0x1100 queue.o
 .debug_str     0x0000000000000000     0xb4b1 queue.o
 .comment       0x0000000000000000       0x1e queue.o
 .debug_frame   0x0000000000000000      0x2fc queue.o
 .ARM.attributes
                0x0000000000000000       0x2d queue.o
 .group         0x0000000000000000        0xc port.o
 .group         0x0000000000000000        0xc port.o
 .group         0x0000000000000000        0xc port.o
 .group         0x0000000000000000        0xc port.o
 .group         0x0000000000000000        0xc port.o
 .group         0x0000000000000000        0xc port.o
 .group         0x0000000000000000        0xc port.o
 .group         0x0000000000000000        0xc port.o
 .group         0x0000000000000000        0xc port.o
 .group         0x0000000000000000        0xc port.o
 .group         0x0000000000000000        0xc port.o
 .group         0x0000000000000000        0xc port.o
 .group         0x0000000000000000        0xc port.o
 .group         0x0000000000000000        0xc port.o
 .group         0x0000000000000000        0xc port.o
 .group         0x0000000000000000        0xc port.o
 .text          0x0000000000000000        0x0 port.o
 .data          0x0000000000000000        0x0 port.o
 .bss           0x0000000000000000        0x0 port.o
 .text.vPortEndScheduler
                0x0000000000000000        0x2 port.o
 .debug_macro   0x0000000000000000      0xa84 port.o
 .debug_macro   0x0000000000000000       0x22 port.o
 .debug_macro   0x0000000000000000       0x51 port.o
 .debug_macro   0x0000000000000000       0xef port.o
 .debug_macro   0x0000000000000000       0x6a port.o
 .debug_macro   0x0000000000000000      0x1df port.o
 .debug_macro   0x0000000000000000       0xdc port.o
 .debug_macro   0x0000000000000000      0x15a port.o
 .debug_macro   0x0000000000000000       0xd6 port.o
 .debug_macro   0x0000000000000000       0x10 port.o
 .debug_macro   0x0000000000000000       0x1f port.o
 .debug_macro   0x0000000000000000      0x4be port.o
 .debug_macro   0x0000000000000000       0xb5 port.o
 .debug_macro   0x0000000000000000       0x8c port.o
 .group         0x0000000000000000        0xc list.o
 .group         0x0000000000000000        0xc list.o
 .group         0x0000000000000000        0xc list.o
 .group         0x0000000000000000        0xc list.o
 .group         0x0000000000000000        0xc list.o
 .group         0x0000000000000000        0xc list.o
 .group         0x0000000000000000        0xc list.o
 .group         0x0000000000000000        0xc list.o
 .group         0x0000000000000000        0xc list.o
 .group         0x0000000000000000        0xc list.o
 .group         0x0000000000000000        0xc list.o
 .group         0x0000000000000000        0xc list.o
 .group         0x0000000000000000        0xc list.o
 .group         0x0000000000000000        0xc list.o
 .group         0x0000000000000000        0xc list.o
 .group         0x0000000000000000        0xc list.o
 .group         0x0000000000000000        0xc list.o
 .group         0x0000000000000000        0xc list.o
 .group         0x0000000000000000        0xc list.o
 .group         0x0000000000000000        0xc list.o
 .group         0x0000000000000000        0xc list.o
 .group         0x0000000000000000        0xc list.o
 .group         0x0000000000000000        0xc list.o
 .group         0x0000000000000000        0xc list.o
 .group         0x0000000000000000        0xc list.o
 .group         0x0000000000000000        0xc list.o
 .group         0x0000000000000000        0xc list.o
 .group         0x0000000000000000        0xc list.o
 .text          0x0000000000000000        0x0 list.o
 .data          0x0000000000000000        0x0 list.o
 .bss           0x0000000000000000        0x0 list.o
 .debug_macro   0x0000000000000000      0xa84 list.o
 .debug_macro   0x0000000000000000       0x18 list.o
 .debug_macro   0x0000000000000000       0x22 list.o
 .debug_macro   0x0000000000000000       0x4c list.o
 .debug_macro   0x0000000000000000       0x5c list.o
 .debug_macro   0x0000000000000000       0x35 list.o
 .debug_macro   0x0000000000000000       0x34 list.o
 .debug_macro   0x0000000000000000       0x16 list.o
 .debug_macro   0x0000000000000000      0x10e list.o
 .debug_macro   0x0000000000000000       0x86 list.o
 .debug_macro   0x0000000000000000       0x57 list.o
 .debug_macro   0x0000000000000000       0x52 list.o
 .debug_macro   0x0000000000000000       0x1f list.o
 .debug_macro   0x0000000000000000       0x43 list.o
 .debug_macro   0x0000000000000000       0x20 list.o
 .debug_macro   0x0000000000000000      0x18e list.o
 .debug_macro   0x0000000000000000      0x353 list.o
 .debug_macro   0x0000000000000000       0x22 list.o
 .debug_macro   0x0000000000000000       0xef list.o
 .debug_macro   0x0000000000000000       0x6a list.o
 .debug_macro   0x0000000000000000      0x1df list.o
 .debug_macro   0x0000000000000000       0xdc list.o
 .debug_macro   0x0000000000000000      0x15a list.o
 .debug_macro   0x0000000000000000       0xd6 list.o
 .debug_macro   0x0000000000000000       0x10 list.o
 .debug_macro   0x0000000000000000       0x1f list.o
 .debug_macro   0x0000000000000000      0x4be list.o
 .debug_macro   0x0000000000000000       0xb5 list.o
 .group         0x0000000000000000        0xc heap_1.o
 .group         0x0000000000000000        0xc heap_1.o
 .group         0x0000000000000000        0xc heap_1.o
 .group         0x0000000000000000        0xc heap_1.o
 .group         0x0000000000000000        0xc heap_1.o
 .group         0x0000000000000000        0xc heap_1.o
 .group         0x0000000000000000        0xc heap_1.o
 .group         0x0000000000000000        0xc heap_1.o
 .group         0x0000000000000000        0xc heap_1.o
 .group         0x0000000000000000        0xc heap_1.o
 .group         0x0000000000000000        0xc heap_1.o
 .group         0x0000000000000000        0xc heap_1.o
 .group         0x0000000000000000        0xc heap_1.o
 .group         0x0000000000000000        0xc heap_1.o
 .group         0x0000000000000000        0xc heap_1.o
 .group         0x0000000000000000        0xc heap_1.o
 .group         0x0000000000000000        0xc heap_1.o
 .group         0x0000000000000000        0xc heap_1.o
 .group         0x0000000000000000        0xc heap_1.o
 .group         0x0000000000000000        0xc heap_1.o
 .group         0x0000000000000000        0xc heap_1.o
 .group         0x0000000000000000        0xc heap_1.o
 .group         0x0000000000000000        0xc heap_1.o
 .group         0x0000000000000000        0xc heap_1.o
 .group         0x0000000000000000        0xc heap_1.o
 .group         0x0000000000000000        0xc heap_1.o
 .group         0x0000000000000000        0xc heap_1.o
 .group         0x0000000000000000        0xc heap_1.o
 .group         0x0000000000000000        0xc heap_1.o
 .text          0x0000000000000000        0x0 heap_1.o
 .data          0x0000000000000000        0x0 heap_1.o
 .bss           0x0000000000000000        0x0 heap_1.o
 .text.vPortInitialiseBlocks
                0x0000000000000000        0xc heap_1.o
 .text.xPortGetFreeHeapSize
                0x0000000000000000       0x10 heap_1.o
 .debug_macro   0x0000000000000000      0xa84 heap_1.o
 .debug_macro   0x0000000000000000       0x18 heap_1.o
 .debug_macro   0x0000000000000000       0x22 heap_1.o
 .debug_macro   0x0000000000000000       0x4c heap_1.o
 .debug_macro   0x0000000000000000       0x5c heap_1.o
 .debug_macro   0x0000000000000000       0x35 heap_1.o
 .debug_macro   0x0000000000000000       0x34 heap_1.o
 .debug_macro   0x0000000000000000       0x16 heap_1.o
 .debug_macro   0x0000000000000000      0x10e heap_1.o
 .debug_macro   0x0000000000000000       0x86 heap_1.o
 .debug_macro   0x0000000000000000       0x57 heap_1.o
 .debug_macro   0x0000000000000000       0x52 heap_1.o
 .debug_macro   0x0000000000000000       0x1f heap_1.o
 .debug_macro   0x0000000000000000       0x43 heap_1.o
 .debug_macro   0x0000000000000000       0x20 heap_1.o
 .debug_macro   0x0000000000000000      0x18e heap_1.o
 .debug_macro   0x0000000000000000      0x353 heap_1.o
 .debug_macro   0x0000000000000000       0x22 heap_1.o
 .debug_macro   0x0000000000000000       0xef heap_1.o
 .debug_macro   0x0000000000000000       0x6a heap_1.o
 .debug_macro   0x0000000000000000      0x1df heap_1.o
 .debug_macro   0x0000000000000000       0xdc heap_1.o
 .debug_macro   0x0000000000000000      0x15a heap_1.o
 .debug_macro   0x0000000000000000       0xd6 heap_1.o
 .debug_macro   0x0000000000000000       0x10 heap_1.o
 .debug_macro   0x0000000000000000       0x1f heap_1.o
 .debug_macro   0x0000000000000000      0x4be heap_1.o
 .debug_macro   0x0000000000000000       0xb5 heap_1.o
 .debug_macro   0x0000000000000000       0x8c heap_1.o
 .group         0x0000000000000000        0xc opencm3.o
 .group         0x0000000000000000        0xc opencm3.o
 .group         0x0000000000000000        0xc opencm3.o
 .group         0x0000000000000000        0xc opencm3.o
 .group         0x0000000000000000        0xc opencm3.o
 .group         0x0000000000000000        0xc opencm3.o
 .group         0x0000000000000000        0xc opencm3.o
 .group         0x0000000000000000        0xc opencm3.o
 .group         0x0000000000000000        0xc opencm3.o
 .group         0x0000000000000000        0xc opencm3.o
 .group         0x0000000000000000        0xc opencm3.o
 .group         0x0000000000000000        0xc opencm3.o
 .group         0x0000000000000000        0xc opencm3.o
 .group         0x0000000000000000        0xc opencm3.o
 .group         0x0000000000000000        0xc opencm3.o
 .group         0x0000000000000000        0xc opencm3.o
 .group         0x0000000000000000        0xc opencm3.o
 .group         0x0000000000000000        0xc opencm3.o
 .group         0x0000000000000000        0xc opencm3.o
 .group         0x0000000000000000        0xc opencm3.o
 .group         0x0000000000000000        0xc opencm3.o
 .group         0x0000000000000000        0xc opencm3.o
 .group         0x0000000000000000        0xc opencm3.o
 .group         0x0000000000000000        0xc opencm3.o
 .group         0x0000000000000000        0xc opencm3.o
 .text          0x0000000000000000        0x0 opencm3.o
 .data          0x0000000000000000        0x0 opencm3.o
 .bss           0x0000000000000000        0x0 opencm3.o
 .debug_macro   0x0000000000000000      0xa84 opencm3.o
 .debug_macro   0x0000000000000000      0x16d opencm3.o
 .debug_macro   0x0000000000000000       0x22 opencm3.o
 .debug_macro   0x0000000000000000       0x56 opencm3.o
 .debug_macro   0x0000000000000000       0x51 opencm3.o
 .debug_macro   0x0000000000000000       0xef opencm3.o
 .debug_macro   0x0000000000000000       0x6a opencm3.o
 .debug_macro   0x0000000000000000      0x1df opencm3.o
 .debug_macro   0x0000000000000000       0xdc opencm3.o
 .debug_macro   0x0000000000000000      0x15a opencm3.o
 .debug_macro   0x0000000000000000       0xd6 opencm3.o
 .debug_macro   0x0000000000000000       0x10 opencm3.o
 .debug_macro   0x0000000000000000       0x1f opencm3.o
 .debug_macro   0x0000000000000000      0x4be opencm3.o
 .debug_macro   0x0000000000000000       0xb5 opencm3.o
 .debug_macro   0x0000000000000000       0x8c opencm3.o
 .debug_macro   0x0000000000000000       0x58 opencm3.o
 .debug_macro   0x0000000000000000      0x1b4 opencm3.o
 .debug_macro   0x0000000000000000      0x82c opencm3.o
 .debug_macro   0x0000000000000000       0x76 opencm3.o
 .debug_macro   0x0000000000000000      0xdfd opencm3.o
 .group         0x0000000000000000        0xc ../libopencm3/lib/libopencm3_stm32f1.a(gpio.o)
 .group         0x0000000000000000        0xc ../libopencm3/lib/libopencm3_stm32f1.a(gpio.o)
 .group         0x0000000000000000        0xc ../libopencm3/lib/libopencm3_stm32f1.a(gpio.o)
 .group         0x0000000000000000        0xc ../libopencm3/lib/libopencm3_stm32f1.a(gpio.o)
 .group         0x0000000000000000        0xc ../libopencm3/lib/libopencm3_stm32f1.a(gpio.o)
 .group         0x0000000000000000        0xc ../libopencm3/lib/libopencm3_stm32f1.a(gpio.o)
 .group         0x0000000000000000        0xc ../libopencm3/lib/libopencm3_stm32f1.a(gpio.o)
 .group         0x0000000000000000        0xc ../libopencm3/lib/libopencm3_stm32f1.a(gpio.o)
 .group         0x0000000000000000        0xc ../libopencm3/lib/libopencm3_stm32f1.a(gpio.o)
 .group         0x0000000000000000        0xc ../libopencm3/lib/libopencm3_stm32f1.a(gpio.o)
 .group         0x0000000000000000        0xc ../libopencm3/lib/libopencm3_stm32f1.a(gpio.o)
 .group         0x0000000000000000        0xc ../libopencm3/lib/libopencm3_stm32f1.a(gpio.o)
 .group         0x0000000000000000        0xc ../libopencm3/lib/libopencm3_stm32f1.a(gpio.o)
 .text          0x0000000000000000        0x0 ../libopencm3/lib/libopencm3_stm32f1.a(gpio.o)
 .data          0x0000000000000000        0x0 ../libopencm3/lib/libopencm3_stm32f1.a(gpio.o)
 .bss           0x0000000000000000        0x0 ../libopencm3/lib/libopencm3_stm32f1.a(gpio.o)
 .text.gpio_set_eventout
                0x0000000000000000       0x10 ../libopencm3/lib/libopencm3_stm32f1.a(gpio.o)
 .text.gpio_primary_remap
                0x0000000000000000       0x14 ../libopencm3/lib/libopencm3_stm32f1.a(gpio.o)
 .text.gpio_secondary_remap
                0x0000000000000000       0x10 ../libopencm3/lib/libopencm3_stm32f1.a(gpio.o)
 .debug_macro   0x0000000000000000      0xa84 ../libopencm3/lib/libopencm3_stm32f1.a(gpio.o)
 .debug_macro   0x0000000000000000       0x22 ../libopencm3/lib/libopencm3_stm32f1.a(gpio.o)
 .debug_macro   0x0000000000000000       0x56 ../libopencm3/lib/libopencm3_stm32f1.a(gpio.o)
 .debug_macro   0x0000000000000000       0x51 ../libopencm3/lib/libopencm3_stm32f1.a(gpio.o)
 .debug_macro   0x0000000000000000       0xef ../libopencm3/lib/libopencm3_stm32f1.a(gpio.o)
 .debug_macro   0x0000000000000000       0x6a ../libopencm3/lib/libopencm3_stm32f1.a(gpio.o)
 .debug_macro   0x0000000000000000      0x1df ../libopencm3/lib/libopencm3_stm32f1.a(gpio.o)
 .debug_macro   0x0000000000000000       0x22 ../libopencm3/lib/libopencm3_stm32f1.a(gpio.o)
 .debug_macro   0x0000000000000000       0xfa ../libopencm3/lib/libopencm3_stm32f1.a(gpio.o)
 .debug_macro   0x0000000000000000       0x58 ../libopencm3/lib/libopencm3_stm32f1.a(gpio.o)
 .debug_macro   0x0000000000000000      0x1b4 ../libopencm3/lib/libopencm3_stm32f1.a(gpio.o)
 .debug_macro   0x0000000000000000       0x76 ../libopencm3/lib/libopencm3_stm32f1.a(gpio.o)
 .debug_macro   0x0000000000000000      0xdfd ../libopencm3/lib/libopencm3_stm32f1.a(gpio.o)
 .group         0x0000000000000000        0xc ../libopencm3/lib/libopencm3_stm32f1.a(gpio_common_all.o)
 .group         0x0000000000000000        0xc ../libopencm3/lib/libopencm3_stm32f1.a(gpio_common_all.o)
 .group         0x0000000000000000        0xc ../libopencm3/lib/libopencm3_stm32f1.a(gpio_common_all.o)
 .group         0x0000000000000000        0xc ../libopencm3/lib/libopencm3_stm32f1.a(gpio_common_all.o)
 .group         0x0000000000000000        0xc ../libopencm3/lib/libopencm3_stm32f1.a(gpio_common_all.o)
 .group         0x0000000000000000        0xc ../libopencm3/lib/libopencm3_stm32f1.a(gpio_common_all.o)
 .group         0x0000000000000000        0xc ../libopencm3/lib/libopencm3_stm32f1.a(gpio_common_all.o)
 .group         0x0000000000000000        0xc ../libopencm3/lib/libopencm3_stm32f1.a(gpio_common_all.o)
 .group         0x0000000000000000        0xc ../libopencm3/lib/libopencm3_stm32f1.a(gpio_common_all.o)
 .group         0x0000000000000000        0xc ../libopencm3/lib/libopencm3_stm32f1.a(gpio_common_all.o)
 .group         0x0000000000000000        0xc ../libopencm3/lib/libopencm3_stm32f1.a(gpio_common_all.o)
 .group         0x0000000000000000        0xc ../libopencm3/lib/libopencm3_stm32f1.a(gpio_common_all.o)
 .group         0x0000000000000000        0xc ../libopencm3/lib/libopencm3_stm32f1.a(gpio_common_all.o)
 .text          0x0000000000000000        0x0 ../libopencm3/lib/libopencm3_stm32f1.a(gpio_common_all.o)
 .data          0x0000000000000000        0x0 ../libopencm3/lib/libopencm3_stm32f1.a(gpio_common_all.o)
 .bss           0x0000000000000000        0x0 ../libopencm3/lib/libopencm3_stm32f1.a(gpio_common_all.o)
 .text.gpio_set
                0x0000000000000000        0x4 ../libopencm3/lib/libopencm3_stm32f1.a(gpio_common_all.o)
 .text.gpio_clear
                0x0000000000000000        0x6 ../libopencm3/lib/libopencm3_stm32f1.a(gpio_common_all.o)
 .text.gpio_get
                0x0000000000000000        0x6 ../libopencm3/lib/libopencm3_stm32f1.a(gpio_common_all.o)
 .text.gpio_port_read
                0x0000000000000000        0x6 ../libopencm3/lib/libopencm3_stm32f1.a(gpio_common_all.o)
 .text.gpio_port_write
                0x0000000000000000        0x4 ../libopencm3/lib/libopencm3_stm32f1.a(gpio_common_all.o)
 .text.gpio_port_config_lock
                0x0000000000000000       0x10 ../libopencm3/lib/libopencm3_stm32f1.a(gpio_common_all.o)
 .debug_macro   0x0000000000000000      0xa84 ../libopencm3/lib/libopencm3_stm32f1.a(gpio_common_all.o)
 .debug_macro   0x0000000000000000       0x22 ../libopencm3/lib/libopencm3_stm32f1.a(gpio_common_all.o)
 .debug_macro   0x0000000000000000       0x56 ../libopencm3/lib/libopencm3_stm32f1.a(gpio_common_all.o)
 .debug_macro   0x0000000000000000       0x51 ../libopencm3/lib/libopencm3_stm32f1.a(gpio_common_all.o)
 .debug_macro   0x0000000000000000       0xef ../libopencm3/lib/libopencm3_stm32f1.a(gpio_common_all.o)
 .debug_macro   0x0000000000000000       0x6a ../libopencm3/lib/libopencm3_stm32f1.a(gpio_common_all.o)
 .debug_macro   0x0000000000000000      0x1df ../libopencm3/lib/libopencm3_stm32f1.a(gpio_common_all.o)
 .debug_macro   0x0000000000000000       0x22 ../libopencm3/lib/libopencm3_stm32f1.a(gpio_common_all.o)
 .debug_macro   0x0000000000000000       0xfa ../libopencm3/lib/libopencm3_stm32f1.a(gpio_common_all.o)
 .debug_macro   0x0000000000000000       0x58 ../libopencm3/lib/libopencm3_stm32f1.a(gpio_common_all.o)
 .debug_macro   0x0000000000000000      0x1b4 ../libopencm3/lib/libopencm3_stm32f1.a(gpio_common_all.o)
 .debug_macro   0x0000000000000000       0x76 ../libopencm3/lib/libopencm3_stm32f1.a(gpio_common_all.o)
 .debug_macro   0x0000000000000000      0xdfd ../libopencm3/lib/libopencm3_stm32f1.a(gpio_common_all.o)
 .group         0x0000000000000000        0xc ../libopencm3/lib/libopencm3_stm32f1.a(rcc_common_all.o)
 .group         0x0000000000000000        0xc ../libopencm3/lib/libopencm3_stm32f1.a(rcc_common_all.o)
 .group         0x0000000000000000        0xc ../libopencm3/lib/libopencm3_stm32f1.a(rcc_common_all.o)
 .group         0x0000000000000000        0xc ../libopencm3/lib/libopencm3_stm32f1.a(rcc_common_all.o)
 .group         0x0000000000000000        0xc ../libopencm3/lib/libopencm3_stm32f1.a(rcc_common_all.o)
 .group         0x0000000000000000        0xc ../libopencm3/lib/libopencm3_stm32f1.a(rcc_common_all.o)
 .group         0x0000000000000000        0xc ../libopencm3/lib/libopencm3_stm32f1.a(rcc_common_all.o)
 .group         0x0000000000000000        0xc ../libopencm3/lib/libopencm3_stm32f1.a(rcc_common_all.o)
 .group         0x0000000000000000        0xc ../libopencm3/lib/libopencm3_stm32f1.a(rcc_common_all.o)
 .group         0x0000000000000000        0xc ../libopencm3/lib/libopencm3_stm32f1.a(rcc_common_all.o)
 .group         0x0000000000000000        0xc ../libopencm3/lib/libopencm3_stm32f1.a(rcc_common_all.o)
 .group         0x0000000000000000        0xc ../libopencm3/lib/libopencm3_stm32f1.a(rcc_common_all.o)
 .text          0x0000000000000000        0x0 ../libopencm3/lib/libopencm3_stm32f1.a(rcc_common_all.o)
 .data          0x0000000000000000        0x0 ../libopencm3/lib/libopencm3_stm32f1.a(rcc_common_all.o)
 .bss           0x0000000000000000        0x0 ../libopencm3/lib/libopencm3_stm32f1.a(rcc_common_all.o)
 .text.rcc_peripheral_enable_clock
                0x0000000000000000        0x8 ../libopencm3/lib/libopencm3_stm32f1.a(rcc_common_all.o)
 .text.rcc_peripheral_disable_clock
                0x0000000000000000        0xa ../libopencm3/lib/libopencm3_stm32f1.a(rcc_common_all.o)
 .text.rcc_peripheral_reset
                0x0000000000000000        0x8 ../libopencm3/lib/libopencm3_stm32f1.a(rcc_common_all.o)
 .text.rcc_peripheral_clear_reset
                0x0000000000000000        0xa ../libopencm3/lib/libopencm3_stm32f1.a(rcc_common_all.o)
 .text.rcc_periph_clock_disable
                0x0000000000000000       0x1e ../libopencm3/lib/libopencm3_stm32f1.a(rcc_common_all.o)
 .text.rcc_periph_reset_pulse
                0x0000000000000000       0x22 ../libopencm3/lib/libopencm3_stm32f1.a(rcc_common_all.o)
 .text.rcc_periph_reset_hold
                0x0000000000000000       0x1a ../libopencm3/lib/libopencm3_stm32f1.a(rcc_common_all.o)
 .text.rcc_periph_reset_release
                0x0000000000000000       0x1e ../libopencm3/lib/libopencm3_stm32f1.a(rcc_common_all.o)
 .text.rcc_set_mco
                0x0000000000000000       0x14 ../libopencm3/lib/libopencm3_stm32f1.a(rcc_common_all.o)
 .text.rcc_osc_bypass_enable
                0x0000000000000000       0x28 ../libopencm3/lib/libopencm3_stm32f1.a(rcc_common_all.o)
 .text.rcc_osc_bypass_disable
                0x0000000000000000       0x28 ../libopencm3/lib/libopencm3_stm32f1.a(rcc_common_all.o)
 .debug_macro   0x0000000000000000      0xa84 ../libopencm3/lib/libopencm3_stm32f1.a(rcc_common_all.o)
 .debug_macro   0x0000000000000000       0x22 ../libopencm3/lib/libopencm3_stm32f1.a(rcc_common_all.o)
 .debug_macro   0x0000000000000000       0x56 ../libopencm3/lib/libopencm3_stm32f1.a(rcc_common_all.o)
 .debug_macro   0x0000000000000000       0x51 ../libopencm3/lib/libopencm3_stm32f1.a(rcc_common_all.o)
 .debug_macro   0x0000000000000000       0xef ../libopencm3/lib/libopencm3_stm32f1.a(rcc_common_all.o)
 .debug_macro   0x0000000000000000       0x6a ../libopencm3/lib/libopencm3_stm32f1.a(rcc_common_all.o)
 .debug_macro   0x0000000000000000      0x1df ../libopencm3/lib/libopencm3_stm32f1.a(rcc_common_all.o)
 .debug_macro   0x0000000000000000       0x22 ../libopencm3/lib/libopencm3_stm32f1.a(rcc_common_all.o)
 .debug_macro   0x0000000000000000       0xfa ../libopencm3/lib/libopencm3_stm32f1.a(rcc_common_all.o)
 .debug_macro   0x0000000000000000       0x58 ../libopencm3/lib/libopencm3_stm32f1.a(rcc_common_all.o)
 .debug_macro   0x0000000000000000      0x1b4 ../libopencm3/lib/libopencm3_stm32f1.a(rcc_common_all.o)
 .debug_macro   0x0000000000000000      0x82c ../libopencm3/lib/libopencm3_stm32f1.a(rcc_common_all.o)
 .group         0x0000000000000000        0xc ../libopencm3/lib/libopencm3_stm32f1.a(vector.o)
 .group         0x0000000000000000        0xc ../libopencm3/lib/libopencm3_stm32f1.a(vector.o)
 .group         0x0000000000000000        0xc ../libopencm3/lib/libopencm3_stm32f1.a(vector.o)
 .group         0x0000000000000000        0xc ../libopencm3/lib/libopencm3_stm32f1.a(vector.o)
 .group         0x0000000000000000        0xc ../libopencm3/lib/libopencm3_stm32f1.a(vector.o)
 .group         0x0000000000000000        0xc ../libopencm3/lib/libopencm3_stm32f1.a(vector.o)
 .group         0x0000000000000000        0xc ../libopencm3/lib/libopencm3_stm32f1.a(vector.o)
 .group         0x0000000000000000        0xc ../libopencm3/lib/libopencm3_stm32f1.a(vector.o)
 .group         0x0000000000000000        0xc ../libopencm3/lib/libopencm3_stm32f1.a(vector.o)
 .group         0x0000000000000000        0xc ../libopencm3/lib/libopencm3_stm32f1.a(vector.o)
 .group         0x0000000000000000        0xc ../libopencm3/lib/libopencm3_stm32f1.a(vector.o)
 .group         0x0000000000000000        0xc ../libopencm3/lib/libopencm3_stm32f1.a(vector.o)
 .group         0x0000000000000000        0xc ../libopencm3/lib/libopencm3_stm32f1.a(vector.o)
 .text          0x0000000000000000        0x0 ../libopencm3/lib/libopencm3_stm32f1.a(vector.o)
 .data          0x0000000000000000        0x0 ../libopencm3/lib/libopencm3_stm32f1.a(vector.o)
 .bss           0x0000000000000000        0x0 ../libopencm3/lib/libopencm3_stm32f1.a(vector.o)
 .debug_macro   0x0000000000000000      0xa84 ../libopencm3/lib/libopencm3_stm32f1.a(vector.o)
 .debug_macro   0x0000000000000000       0x58 ../libopencm3/lib/libopencm3_stm32f1.a(vector.o)
 .debug_macro   0x0000000000000000       0x22 ../libopencm3/lib/libopencm3_stm32f1.a(vector.o)
 .debug_macro   0x0000000000000000       0x56 ../libopencm3/lib/libopencm3_stm32f1.a(vector.o)
 .debug_macro   0x0000000000000000       0x51 ../libopencm3/lib/libopencm3_stm32f1.a(vector.o)
 .debug_macro   0x0000000000000000       0xef ../libopencm3/lib/libopencm3_stm32f1.a(vector.o)
 .debug_macro   0x0000000000000000       0x6a ../libopencm3/lib/libopencm3_stm32f1.a(vector.o)
 .debug_macro   0x0000000000000000      0x1df ../libopencm3/lib/libopencm3_stm32f1.a(vector.o)
 .debug_macro   0x0000000000000000       0x22 ../libopencm3/lib/libopencm3_stm32f1.a(vector.o)
 .debug_macro   0x0000000000000000       0xfa ../libopencm3/lib/libopencm3_stm32f1.a(vector.o)
 .debug_macro   0x0000000000000000       0x6a ../libopencm3/lib/libopencm3_stm32f1.a(vector.o)
 .debug_macro   0x0000000000000000      0x1a2 ../libopencm3/lib/libopencm3_stm32f1.a(vector.o)
 .text          0x0000000000000000       0xec /usr/lib/gcc/arm-none-eabi/8.1.0/../../../../arm-none-eabi/lib/thumb/v7-m/nofp/libc.a(lib_a-memcpy.o)
 .data          0x0000000000000000        0x0 /usr/lib/gcc/arm-none-eabi/8.1.0/../../../../arm-none-eabi/lib/thumb/v7-m/nofp/libc.a(lib_a-memcpy.o)
 .bss           0x0000000000000000        0x0 /usr/lib/gcc/arm-none-eabi/8.1.0/../../../../arm-none-eabi/lib/thumb/v7-m/nofp/libc.a(lib_a-memcpy.o)
 .ARM.attributes
                0x0000000000000000       0x1b /usr/lib/gcc/arm-none-eabi/8.1.0/../../../../arm-none-eabi/lib/thumb/v7-m/nofp/libc.a(lib_a-memcpy.o)
 .text          0x0000000000000000        0x0 /usr/lib/gcc/arm-none-eabi/8.1.0/../../../../arm-none-eabi/lib/thumb/v7-m/nofp/libc.a(lib_a-memset.o)
 .data          0x0000000000000000        0x0 /usr/lib/gcc/arm-none-eabi/8.1.0/../../../../arm-none-eabi/lib/thumb/v7-m/nofp/libc.a(lib_a-memset.o)
 .bss           0x0000000000000000        0x0 /usr/lib/gcc/arm-none-eabi/8.1.0/../../../../arm-none-eabi/lib/thumb/v7-m/nofp/libc.a(lib_a-memset.o)

Memory Configuration

Name             Origin             Length             Attributes
rom              0x0000000008000000 0x0000000000020000 xr
ram              0x0000000020000000 0x0000000000005000 xrw
*default*        0x0000000000000000 0xffffffffffffffff

Linker script and memory map

LOAD miniblink.o
LOAD tasks.o
LOAD queue.o
LOAD port.o
LOAD list.o
LOAD heap_1.o
LOAD opencm3.o
LOAD ../libopencm3/lib/libopencm3_stm32f1.a
START GROUP
LOAD /usr/lib/gcc/arm-none-eabi/8.1.0/../../../../arm-none-eabi/lib/thumb/v7-m/nofp/libc.a
LOAD /usr/lib/gcc/arm-none-eabi/8.1.0/thumb/v7-m/nofp/libgcc.a
LOAD /usr/lib/gcc/arm-none-eabi/8.1.0/../../../../arm-none-eabi/lib/thumb/v7-m/nofp/libnosys.a
END GROUP
START GROUP
LOAD /usr/lib/gcc/arm-none-eabi/8.1.0/thumb/v7-m/nofp/libgcc.a
LOAD /usr/lib/gcc/arm-none-eabi/8.1.0/../../../../arm-none-eabi/lib/thumb/v7-m/nofp/libg.a
LOAD /usr/lib/gcc/arm-none-eabi/8.1.0/../../../../arm-none-eabi/lib/thumb/v7-m/nofp/libc.a
END GROUP

.text           0x0000000008000000      0xbf8
 *(.vectors)
 .vectors       0x0000000008000000      0x150 ../libopencm3/lib/libopencm3_stm32f1.a(vector.o)
                0x0000000008000000                vector_table
 *(.text*)
 .text._Z9toggleLEDv
                0x0000000008000150       0x10 miniblink.o
                0x0000000008000150                toggleLED()
 .text.blinkTask
                0x0000000008000160       0x12 miniblink.o
                0x0000000008000160                blinkTask
 *fill*         0x0000000008000172        0x2 
 .text.startup.main
                0x0000000008000174       0x3c miniblink.o
                0x0000000008000174                main
 .text.vApplicationStackOverflowHook
                0x00000000080001b0        0x2 miniblink.o
                0x00000000080001b0                vApplicationStackOverflowHook
 *fill*         0x00000000080001b2        0x2 
 .text.prvResetNextTaskUnblockTime
                0x00000000080001b4       0x24 tasks.o
 .text.prvAddCurrentTaskToDelayedList
                0x00000000080001d8       0x8c tasks.o
 .text.prvIdleTask
                0x0000000008000264       0x6c tasks.o
 .text.xTaskCreate
                0x00000000080002d0      0x1c8 tasks.o
                0x00000000080002d0                xTaskCreate
 .text.vTaskStartScheduler
                0x0000000008000498       0x60 tasks.o
                0x0000000008000498                vTaskStartScheduler
 .text.vTaskSuspendAll
                0x00000000080004f8       0x10 tasks.o
                0x00000000080004f8                vTaskSuspendAll
 .text.xTaskGetTickCount
                0x0000000008000508        0xc tasks.o
                0x0000000008000508                xTaskGetTickCount
 .text.xTaskIncrementTick
                0x0000000008000514      0x10c tasks.o
                0x0000000008000514                xTaskIncrementTick
 .text.xTaskResumeAll
                0x0000000008000620       0xd8 tasks.o
                0x0000000008000620                xTaskResumeAll
 .text.vTaskDelay
                0x00000000080006f8       0x30 tasks.o
                0x00000000080006f8                vTaskDelay
 .text.vTaskSwitchContext
                0x0000000008000728       0x90 tasks.o
                0x0000000008000728                vTaskSwitchContext
 .text.prvTaskExitError
                0x00000000080007b8       0x20 port.o
 .text.prvPortStartFirstTask
                0x00000000080007d8       0x20 port.o
 .text.pxPortInitialiseStack
                0x00000000080007f8       0x24 port.o
                0x00000000080007f8                pxPortInitialiseStack
 *fill*         0x000000000800081c        0x4 
 .text.vPortSVCHandler
                0x0000000008000820       0x24 port.o
                0x0000000008000820                vPortSVCHandler
 .text.vPortEnterCritical
                0x0000000008000844       0x20 port.o
                0x0000000008000844                vPortEnterCritical
 .text.vPortExitCritical
                0x0000000008000864       0x14 port.o
                0x0000000008000864                vPortExitCritical
 *fill*         0x0000000008000878        0x8 
 .text.xPortPendSVHandler
                0x0000000008000880       0x44 port.o
                0x0000000008000880                xPortPendSVHandler
 .text.xPortSysTickHandler
                0x00000000080008c4       0x2c port.o
                0x00000000080008c4                xPortSysTickHandler
 .text.vPortSetupTimerInterrupt
                0x00000000080008f0       0x28 port.o
                0x00000000080008f0                vPortSetupTimerInterrupt
 .text.xPortStartScheduler
                0x0000000008000918       0x38 port.o
                0x0000000008000918                xPortStartScheduler
 .text.vListInitialise
                0x0000000008000950       0x16 list.o
                0x0000000008000950                vListInitialise
 .text.vListInitialiseItem
                0x0000000008000966        0x6 list.o
                0x0000000008000966                vListInitialiseItem
 .text.vListInsertEnd
                0x000000000800096c       0x18 list.o
                0x000000000800096c                vListInsertEnd
 .text.vListInsert
                0x0000000008000984       0x2e list.o
                0x0000000008000984                vListInsert
 .text.uxListRemove
                0x00000000080009b2       0x20 list.o
                0x00000000080009b2                uxListRemove
 *fill*         0x00000000080009d2        0x2 
 .text.pvPortMalloc
                0x00000000080009d4       0x50 heap_1.o
                0x00000000080009d4                pvPortMalloc
 .text.vPortFree
                0x0000000008000a24        0x2 heap_1.o
                0x0000000008000a24                vPortFree
 .text.sv_call_handler
                0x0000000008000a26        0x4 opencm3.o
                0x0000000008000a26                sv_call_handler
 .text.pend_sv_handler
                0x0000000008000a2a        0x4 opencm3.o
                0x0000000008000a2a                pend_sv_handler
 .text.sys_tick_handler
                0x0000000008000a2e        0x4 opencm3.o
                0x0000000008000a2e                sys_tick_handler
 .text.gpio_set_mode
                0x0000000008000a32       0x5e ../libopencm3/lib/libopencm3_stm32f1.a(gpio.o)
                0x0000000008000a32                gpio_set_mode
 .text.gpio_toggle
                0x0000000008000a90       0x12 ../libopencm3/lib/libopencm3_stm32f1.a(gpio_common_all.o)
                0x0000000008000a90                gpio_toggle
 .text.rcc_periph_clock_enable
                0x0000000008000aa2       0x1a ../libopencm3/lib/libopencm3_stm32f1.a(rcc_common_all.o)
                0x0000000008000aa2                rcc_periph_clock_enable
 .text.blocking_handler
                0x0000000008000abc        0x2 ../libopencm3/lib/libopencm3_stm32f1.a(vector.o)
                0x0000000008000abc                usart3_isr
                0x0000000008000abc                rtc_isr
                0x0000000008000abc                tim7_isr
                0x0000000008000abc                adc1_2_isr
                0x0000000008000abc                tim1_trg_com_isr
                0x0000000008000abc                usb_hp_can_tx_isr
                0x0000000008000abc                tim6_isr
                0x0000000008000abc                usb_wakeup_isr
                0x0000000008000abc                blocking_handler
                0x0000000008000abc                tim5_isr
                0x0000000008000abc                otg_fs_isr
                0x0000000008000abc                spi1_isr
                0x0000000008000abc                exti2_isr
                0x0000000008000abc                dma1_channel6_isr
                0x0000000008000abc                can_rx1_isr
                0x0000000008000abc                dma1_channel5_isr
                0x0000000008000abc                dma2_channel5_isr
                0x0000000008000abc                usart1_isr
                0x0000000008000abc                usage_fault_handler
                0x0000000008000abc                tim8_trg_com_isr
                0x0000000008000abc                can2_rx0_isr
                0x0000000008000abc                tim1_brk_isr
                0x0000000008000abc                can2_rx1_isr
                0x0000000008000abc                tim1_cc_isr
                0x0000000008000abc                sdio_isr
                0x0000000008000abc                eth_isr
                0x0000000008000abc                dma1_channel4_isr
                0x0000000008000abc                tim8_brk_isr
                0x0000000008000abc                dma2_channel4_5_isr
                0x0000000008000abc                pvd_isr
                0x0000000008000abc                rcc_isr
                0x0000000008000abc                flash_isr
                0x0000000008000abc                uart4_isr
                0x0000000008000abc                rtc_alarm_isr
                0x0000000008000abc                exti15_10_isr
                0x0000000008000abc                hard_fault_handler
                0x0000000008000abc                exti1_isr
                0x0000000008000abc                i2c1_ev_isr
                0x0000000008000abc                dma2_channel1_isr
                0x0000000008000abc                spi2_isr
                0x0000000008000abc                tim8_up_isr
                0x0000000008000abc                dma2_channel2_isr
                0x0000000008000abc                exti3_isr
                0x0000000008000abc                adc3_isr
                0x0000000008000abc                tim3_isr
                0x0000000008000abc                usart2_isr
                0x0000000008000abc                usb_lp_can_rx0_isr
                0x0000000008000abc                i2c2_er_isr
                0x0000000008000abc                i2c2_ev_isr
                0x0000000008000abc                uart5_isr
                0x0000000008000abc                fsmc_isr
                0x0000000008000abc                dma1_channel1_isr
                0x0000000008000abc                exti4_isr
                0x0000000008000abc                mem_manage_handler
                0x0000000008000abc                can2_tx_isr
                0x0000000008000abc                exti9_5_isr
                0x0000000008000abc                dma2_channel3_isr
                0x0000000008000abc                dma1_channel7_isr
                0x0000000008000abc                tim1_up_isr
                0x0000000008000abc                can2_sce_isr
                0x0000000008000abc                tim4_isr
                0x0000000008000abc                dma1_channel2_isr
                0x0000000008000abc                i2c1_er_isr
                0x0000000008000abc                can_sce_isr
                0x0000000008000abc                tim8_cc_isr
                0x0000000008000abc                tamper_isr
                0x0000000008000abc                eth_wkup_isr
                0x0000000008000abc                bus_fault_handler
                0x0000000008000abc                wwdg_isr
                0x0000000008000abc                dma1_channel3_isr
                0x0000000008000abc                spi3_isr
                0x0000000008000abc                tim2_isr
                0x0000000008000abc                exti0_isr
 .text.null_handler
                0x0000000008000abe        0x2 ../libopencm3/lib/libopencm3_stm32f1.a(vector.o)
                0x0000000008000abe                null_handler
                0x0000000008000abe                debug_monitor_handler
                0x0000000008000abe                nmi_handler
 .text.reset_handler
                0x0000000008000ac0       0x8c ../libopencm3/lib/libopencm3_stm32f1.a(vector.o)
                0x0000000008000ac0                reset_handler
 .text.memset   0x0000000008000b4c       0xa0 /usr/lib/gcc/arm-none-eabi/8.1.0/../../../../arm-none-eabi/lib/thumb/v7-m/nofp/libc.a(lib_a-memset.o)
                0x0000000008000b4c                memset
                0x0000000008000bec                . = ALIGN (0x4)
 *(.rodata*)
 .rodata.main.str1.1
                0x0000000008000bec        0x6 miniblink.o
 .rodata.vTaskStartScheduler.str1.1
                0x0000000008000bf2        0x5 tasks.o
                0x0000000008000bf8                . = ALIGN (0x4)
 *fill*         0x0000000008000bf7        0x1 

.glue_7         0x0000000008000bf8        0x0
 .glue_7        0x0000000008000bf8        0x0 linker stubs

.glue_7t        0x0000000008000bf8        0x0
 .glue_7t       0x0000000008000bf8        0x0 linker stubs

.vfp11_veneer   0x0000000008000bf8        0x0
 .vfp11_veneer  0x0000000008000bf8        0x0 linker stubs

.v4_bx          0x0000000008000bf8        0x0
 .v4_bx         0x0000000008000bf8        0x0 linker stubs

.iplt           0x0000000008000bf8        0x0
 .iplt          0x0000000008000bf8        0x0 miniblink.o

.rel.dyn        0x0000000008000bf8        0x0
 .rel.iplt      0x0000000008000bf8        0x0 miniblink.o

.preinit_array  0x0000000008000bf8        0x0
                0x0000000008000bf8                . = ALIGN (0x4)
                0x0000000008000bf8                __preinit_array_start = .
 *(.preinit_array)
                0x0000000008000bf8                __preinit_array_end = .

.init_array     0x0000000008000bf8        0x0
                0x0000000008000bf8                . = ALIGN (0x4)
                0x0000000008000bf8                __init_array_start = .
 *(SORT_BY_NAME(.init_array.*))
 *(.init_array)
                0x0000000008000bf8                __init_array_end = .

.fini_array     0x0000000008000bf8        0x0
                0x0000000008000bf8                . = ALIGN (0x4)
                0x0000000008000bf8                __fini_array_start = .
 *(.fini_array)
 *(SORT_BY_NAME(.fini_array.*))
                0x0000000008000bf8                __fini_array_end = .

.ARM.extab
 *(.ARM.extab*)

.ARM.exidx      0x0000000008000bf8        0x0
                0x0000000008000bf8                __exidx_start = .
 *(.ARM.exidx*)
                0x0000000008000bf8                __exidx_end = .
                0x0000000008000bf8                . = ALIGN (0x4)
                0x0000000008000bf8                _etext = .

.data           0x0000000020000000        0x4 load address 0x0000000008000bf8
                0x0000000020000000                _data = .
 *(.data*)
 .data.uxCriticalNesting
                0x0000000020000000        0x4 port.o
                0x0000000020000004                . = ALIGN (0x4)
                0x0000000020000004                _edata = .
                0x0000000008000bf8                _data_loadaddr = LOADADDR (.data)

.igot.plt       0x0000000020000004        0x0 load address 0x0000000008000bfc
 .igot.plt      0x0000000020000004        0x0 miniblink.o

.bss            0x0000000020000004     0x490c load address 0x0000000008000bfc
 *(.bss*)
 .bss.pxCurrentTCB
                0x0000000020000004        0x4 tasks.o
                0x0000000020000004                pxCurrentTCB
 .bss.pxDelayedTaskList
                0x0000000020000008        0x4 tasks.o
 .bss.pxOverflowDelayedTaskList
                0x000000002000000c        0x4 tasks.o
 .bss.pxReadyTasksLists
                0x0000000020000010       0x64 tasks.o
 .bss.uxCurrentNumberOfTasks
                0x0000000020000074        0x4 tasks.o
 .bss.uxDeletedTasksWaitingCleanUp
                0x0000000020000078        0x4 tasks.o
 .bss.uxPendedTicks
                0x000000002000007c        0x4 tasks.o
 .bss.uxSchedulerSuspended
                0x0000000020000080        0x4 tasks.o
 .bss.uxTaskNumber
                0x0000000020000084        0x4 tasks.o
 .bss.uxTopReadyPriority
                0x0000000020000088        0x4 tasks.o
 .bss.xDelayedTaskList1
                0x000000002000008c       0x14 tasks.o
 .bss.xDelayedTaskList2
                0x00000000200000a0       0x14 tasks.o
 .bss.xIdleTaskHandle
                0x00000000200000b4        0x4 tasks.o
 .bss.xNextTaskUnblockTime
                0x00000000200000b8        0x4 tasks.o
 .bss.xNumOfOverflows
                0x00000000200000bc        0x4 tasks.o
 .bss.xPendingReadyList
                0x00000000200000c0       0x14 tasks.o
 .bss.xSchedulerRunning
                0x00000000200000d4        0x4 tasks.o
 .bss.xSuspendedTaskList
                0x00000000200000d8       0x14 tasks.o
 .bss.xTasksWaitingTermination
                0x00000000200000ec       0x14 tasks.o
 .bss.xTickCount
                0x0000000020000100        0x4 tasks.o
 .bss.xYieldPending
                0x0000000020000104        0x4 tasks.o
 .bss.pucAlignedHeap.4872
                0x0000000020000108        0x4 heap_1.o
 .bss.ucHeap    0x000000002000010c     0x4800 heap_1.o
 .bss.xNextFreeByte
                0x000000002000490c        0x4 heap_1.o
 *(COMMON)
                0x0000000020004910                . = ALIGN (0x4)
                0x0000000020004910                _ebss = .

/DISCARD/
 *(.eh_frame)
                0x0000000020004910                . = ALIGN (0x4)
                0x0000000020004910                end = .
                0x0000000020005000                PROVIDE (_stack = (ORIGIN (ram) + LENGTH (ram)))
OUTPUT(miniblink.elf elf32-littlearm)

.debug_info     0x0000000000000000     0x5ed2
 .debug_info    0x0000000000000000      0x46f miniblink.o
 .debug_info    0x000000000000046f     0x3280 tasks.o
 .debug_info    0x00000000000036ef      0x367 port.o
 .debug_info    0x0000000000003a56      0xb65 list.o
 .debug_info    0x00000000000045bb      0xa4b heap_1.o
 .debug_info    0x0000000000005006      0x13a opencm3.o
 .debug_info    0x0000000000005140      0x216 ../libopencm3/lib/libopencm3_stm32f1.a(gpio.o)
 .debug_info    0x0000000000005356      0x266 ../libopencm3/lib/libopencm3_stm32f1.a(gpio_common_all.o)
 .debug_info    0x00000000000055bc      0x639 ../libopencm3/lib/libopencm3_stm32f1.a(rcc_common_all.o)
 .debug_info    0x0000000000005bf5      0x2dd ../libopencm3/lib/libopencm3_stm32f1.a(vector.o)

.debug_abbrev   0x0000000000000000     0x129b
 .debug_abbrev  0x0000000000000000      0x190 miniblink.o
 .debug_abbrev  0x0000000000000190      0x51a tasks.o
 .debug_abbrev  0x00000000000006aa      0x223 port.o
 .debug_abbrev  0x00000000000008cd      0x239 list.o
 .debug_abbrev  0x0000000000000b06      0x286 heap_1.o
 .debug_abbrev  0x0000000000000d8c       0x8c opencm3.o
 .debug_abbrev  0x0000000000000e18       0xd0 ../libopencm3/lib/libopencm3_stm32f1.a(gpio.o)
 .debug_abbrev  0x0000000000000ee8      0x116 ../libopencm3/lib/libopencm3_stm32f1.a(gpio_common_all.o)
 .debug_abbrev  0x0000000000000ffe      0x158 ../libopencm3/lib/libopencm3_stm32f1.a(rcc_common_all.o)
 .debug_abbrev  0x0000000000001156      0x145 ../libopencm3/lib/libopencm3_stm32f1.a(vector.o)

.debug_loc      0x0000000000000000     0x2563
 .debug_loc     0x0000000000000000       0x4f miniblink.o
 .debug_loc     0x000000000000004f     0x1eac tasks.o
 .debug_loc     0x0000000000001efb       0xbe port.o
 .debug_loc     0x0000000000001fb9       0xbd list.o
 .debug_loc     0x0000000000002076       0x98 heap_1.o
 .debug_loc     0x000000000000210e      0x170 ../libopencm3/lib/libopencm3_stm32f1.a(gpio.o)
 .debug_loc     0x000000000000227e       0xbe ../libopencm3/lib/libopencm3_stm32f1.a(gpio_common_all.o)
 .debug_loc     0x000000000000233c      0x128 ../libopencm3/lib/libopencm3_stm32f1.a(rcc_common_all.o)
 .debug_loc     0x0000000000002464       0xff ../libopencm3/lib/libopencm3_stm32f1.a(vector.o)

.debug_aranges  0x0000000000000000      0x408
 .debug_aranges
                0x0000000000000000       0x38 miniblink.o
 .debug_aranges
                0x0000000000000038      0x198 tasks.o
 .debug_aranges
                0x00000000000001d0       0x70 port.o
 .debug_aranges
                0x0000000000000240       0x40 list.o
 .debug_aranges
                0x0000000000000280       0x38 heap_1.o
 .debug_aranges
                0x00000000000002b8       0x30 opencm3.o
 .debug_aranges
                0x00000000000002e8       0x38 ../libopencm3/lib/libopencm3_stm32f1.a(gpio.o)
 .debug_aranges
                0x0000000000000320       0x50 ../libopencm3/lib/libopencm3_stm32f1.a(gpio_common_all.o)
 .debug_aranges
                0x0000000000000370       0x68 ../libopencm3/lib/libopencm3_stm32f1.a(rcc_common_all.o)
 .debug_aranges
                0x00000000000003d8       0x30 ../libopencm3/lib/libopencm3_stm32f1.a(vector.o)

.debug_ranges   0x0000000000000000      0x588
 .debug_ranges  0x0000000000000000       0x40 miniblink.o
 .debug_ranges  0x0000000000000040      0x378 tasks.o
 .debug_ranges  0x00000000000003b8       0x78 port.o
 .debug_ranges  0x0000000000000430       0x30 list.o
 .debug_ranges  0x0000000000000460       0x28 heap_1.o
 .debug_ranges  0x0000000000000488       0x20 opencm3.o
 .debug_ranges  0x00000000000004a8       0x28 ../libopencm3/lib/libopencm3_stm32f1.a(gpio.o)
 .debug_ranges  0x00000000000004d0       0x40 ../libopencm3/lib/libopencm3_stm32f1.a(gpio_common_all.o)
 .debug_ranges  0x0000000000000510       0x58 ../libopencm3/lib/libopencm3_stm32f1.a(rcc_common_all.o)
 .debug_ranges  0x0000000000000568       0x20 ../libopencm3/lib/libopencm3_stm32f1.a(vector.o)

.debug_macro    0x0000000000000000     0x5e06
 .debug_macro   0x0000000000000000      0x14c miniblink.o
 .debug_macro   0x000000000000014c      0xb74 miniblink.o
 .debug_macro   0x0000000000000cc0      0x17b miniblink.o
 .debug_macro   0x0000000000000e3b       0x1c miniblink.o
 .debug_macro   0x0000000000000e57       0x22 miniblink.o
 .debug_macro   0x0000000000000e79       0x56 miniblink.o
 .debug_macro   0x0000000000000ecf       0x51 miniblink.o
 .debug_macro   0x0000000000000f20       0xef miniblink.o
 .debug_macro   0x000000000000100f       0x6a miniblink.o
 .debug_macro   0x0000000000001079      0x1df miniblink.o
 .debug_macro   0x0000000000001258       0xdc miniblink.o
 .debug_macro   0x0000000000001334      0x15a miniblink.o
 .debug_macro   0x000000000000148e       0xd6 miniblink.o
 .debug_macro   0x0000000000001564       0x10 miniblink.o
 .debug_macro   0x0000000000001574       0x1f miniblink.o
 .debug_macro   0x0000000000001593      0x4be miniblink.o
 .debug_macro   0x0000000000001a51       0xb5 miniblink.o
 .debug_macro   0x0000000000001b06       0x8c miniblink.o
 .debug_macro   0x0000000000001b92       0x86 miniblink.o
 .debug_macro   0x0000000000001c18       0x16 miniblink.o
 .debug_macro   0x0000000000001c2e       0xfa miniblink.o
 .debug_macro   0x0000000000001d28       0x58 miniblink.o
 .debug_macro   0x0000000000001d80      0x1b4 miniblink.o
 .debug_macro   0x0000000000001f34      0x82c miniblink.o
 .debug_macro   0x0000000000002760       0x76 miniblink.o
 .debug_macro   0x00000000000027d6      0xdfd miniblink.o
 .debug_macro   0x00000000000035d3      0x251 tasks.o
 .debug_macro   0x0000000000003824      0xa84 tasks.o
 .debug_macro   0x00000000000042a8       0x18 tasks.o
 .debug_macro   0x00000000000042c0       0x4c tasks.o
 .debug_macro   0x000000000000430c       0x5c tasks.o
 .debug_macro   0x0000000000004368       0x35 tasks.o
 .debug_macro   0x000000000000439d       0x34 tasks.o
 .debug_macro   0x00000000000043d1       0x16 tasks.o
 .debug_macro   0x00000000000043e7      0x10e tasks.o
 .debug_macro   0x00000000000044f5       0x86 tasks.o
 .debug_macro   0x000000000000457b       0x57 tasks.o
 .debug_macro   0x00000000000045d2       0x52 tasks.o
 .debug_macro   0x0000000000004624       0x1f tasks.o
 .debug_macro   0x0000000000004643       0x43 tasks.o
 .debug_macro   0x0000000000004686       0x20 tasks.o
 .debug_macro   0x00000000000046a6      0x18e tasks.o
 .debug_macro   0x0000000000004834      0x353 tasks.o
 .debug_macro   0x0000000000004b87       0x22 tasks.o
 .debug_macro   0x0000000000004ba9       0x16 tasks.o
 .debug_macro   0x0000000000004bbf       0x35 tasks.o
 .debug_macro   0x0000000000004bf4       0x91 tasks.o
 .debug_macro   0x0000000000004c85       0x10 tasks.o
 .debug_macro   0x0000000000004c95      0x172 port.o
 .debug_macro   0x0000000000004e07      0x16d port.o
 .debug_macro   0x0000000000004f74       0x56 port.o
 .debug_macro   0x0000000000004fca      0x171 list.o
 .debug_macro   0x000000000000513b      0x192 heap_1.o
 .debug_macro   0x00000000000052cd      0x15f opencm3.o
 .debug_macro   0x000000000000542c       0x22 opencm3.o
 .debug_macro   0x000000000000544e       0xfa opencm3.o
 .debug_macro   0x0000000000005548       0x6a opencm3.o
 .debug_macro   0x00000000000055b2      0x1a2 opencm3.o
 .debug_macro   0x0000000000005754       0xb9 ../libopencm3/lib/libopencm3_stm32f1.a(gpio.o)
 .debug_macro   0x000000000000580d       0xb9 ../libopencm3/lib/libopencm3_stm32f1.a(gpio_common_all.o)
 .debug_macro   0x00000000000058c6       0xcf ../libopencm3/lib/libopencm3_stm32f1.a(rcc_common_all.o)
 .debug_macro   0x0000000000005995       0xd0 ../libopencm3/lib/libopencm3_stm32f1.a(vector.o)
 .debug_macro   0x0000000000005a65      0x3a1 ../libopencm3/lib/libopencm3_stm32f1.a(vector.o)

.debug_line     0x0000000000000000     0x3e60
 .debug_line    0x0000000000000000      0x3de miniblink.o
 .debug_line    0x00000000000003de     0x1e59 tasks.o
 .debug_line    0x0000000000002237      0x42f port.o
 .debug_line    0x0000000000002666      0x3ef list.o
 .debug_line    0x0000000000002a55      0x322 heap_1.o
 .debug_line    0x0000000000002d77      0x38b opencm3.o
 .debug_line    0x0000000000003102      0x311 ../libopencm3/lib/libopencm3_stm32f1.a(gpio.o)
 .debug_line    0x0000000000003413      0x334 ../libopencm3/lib/libopencm3_stm32f1.a(gpio_common_all.o)
 .debug_line    0x0000000000003747      0x3b4 ../libopencm3/lib/libopencm3_stm32f1.a(rcc_common_all.o)
 .debug_line    0x0000000000003afb      0x365 ../libopencm3/lib/libopencm3_stm32f1.a(vector.o)

.debug_str      0x0000000000000000    0x16ea3
 .debug_str     0x0000000000000000     0xf19a miniblink.o
                                       0xf3a1 (size before relaxing)
 .debug_str     0x000000000000f19a     0x4bc8 tasks.o
                                       0xc3ac (size before relaxing)
 .debug_str     0x0000000000013d62      0x5b8 port.o
                                       0x7eaf (size before relaxing)
 .debug_str     0x000000000001431a       0x48 list.o
                                       0x9ea5 (size before relaxing)
 .debug_str     0x0000000000014362       0xb5 heap_1.o
                                       0xa45a (size before relaxing)
 .debug_str     0x0000000000014417      0x848 opencm3.o
                                       0xeceb (size before relaxing)
 .debug_str     0x0000000000014c5f      0x13a ../libopencm3/lib/libopencm3_stm32f1.a(gpio.o)
                                       0x8476 (size before relaxing)
 .debug_str     0x0000000000014d99       0x74 ../libopencm3/lib/libopencm3_stm32f1.a(gpio_common_all.o)
                                       0x846a (size before relaxing)
 .debug_str     0x0000000000014e0d      0x39d ../libopencm3/lib/libopencm3_stm32f1.a(rcc_common_all.o)
                                       0x7697 (size before relaxing)
 .debug_str     0x00000000000151aa     0x1cf9 ../libopencm3/lib/libopencm3_stm32f1.a(vector.o)
                                       0x65be (size before relaxing)

.comment        0x0000000000000000       0x1d
 .comment       0x0000000000000000       0x1d miniblink.o
                                         0x1e (size before relaxing)
 .comment       0x000000000000001d       0x1e tasks.o
 .comment       0x000000000000001d       0x1e port.o
 .comment       0x000000000000001d       0x1e list.o
 .comment       0x000000000000001d       0x1e heap_1.o
 .comment       0x000000000000001d       0x1e opencm3.o
 .comment       0x000000000000001d       0x1e ../libopencm3/lib/libopencm3_stm32f1.a(gpio.o)
 .comment       0x000000000000001d       0x1e ../libopencm3/lib/libopencm3_stm32f1.a(gpio_common_all.o)
 .comment       0x000000000000001d       0x1e ../libopencm3/lib/libopencm3_stm32f1.a(rcc_common_all.o)
 .comment       0x000000000000001d       0x1e ../libopencm3/lib/libopencm3_stm32f1.a(vector.o)

.ARM.attributes
                0x0000000000000000       0x2b
 .ARM.attributes
                0x0000000000000000       0x2d miniblink.o
 .ARM.attributes
                0x000000000000002d       0x2d tasks.o
 .ARM.attributes
                0x000000000000005a       0x2d port.o
 .ARM.attributes
                0x0000000000000087       0x2d list.o
 .ARM.attributes
                0x00000000000000b4       0x2d heap_1.o
 .ARM.attributes
                0x00000000000000e1       0x2d opencm3.o
 .ARM.attributes
                0x000000000000010e       0x2d ../libopencm3/lib/libopencm3_stm32f1.a(gpio.o)
 .ARM.attributes
                0x000000000000013b       0x2d ../libopencm3/lib/libopencm3_stm32f1.a(gpio_common_all.o)
 .ARM.attributes
                0x0000000000000168       0x2d ../libopencm3/lib/libopencm3_stm32f1.a(rcc_common_all.o)
 .ARM.attributes
                0x0000000000000195       0x2d ../libopencm3/lib/libopencm3_stm32f1.a(vector.o)
 .ARM.attributes
                0x00000000000001c2       0x2d /usr/lib/gcc/arm-none-eabi/8.1.0/../../../../arm-none-eabi/lib/thumb/v7-m/nofp/libc.a(lib_a-memset.o)

.debug_frame    0x0000000000000000      0x9bc
 .debug_frame   0x0000000000000000       0x60 miniblink.o
 .debug_frame   0x0000000000000060      0x554 tasks.o
 .debug_frame   0x00000000000005b4       0xd8 port.o
 .debug_frame   0x000000000000068c       0x6c list.o
 .debug_frame   0x00000000000006f8       0x5c heap_1.o
 .debug_frame   0x0000000000000754       0x40 opencm3.o
 .debug_frame   0x0000000000000794       0x60 ../libopencm3/lib/libopencm3_stm32f1.a(gpio.o)
 .debug_frame   0x00000000000007f4       0x80 ../libopencm3/lib/libopencm3_stm32f1.a(gpio_common_all.o)
 .debug_frame   0x0000000000000874       0xd0 ../libopencm3/lib/libopencm3_stm32f1.a(rcc_common_all.o)
 .debug_frame   0x0000000000000944       0x40 ../libopencm3/lib/libopencm3_stm32f1.a(vector.o)
 .debug_frame   0x0000000000000984       0x38 /usr/lib/gcc/arm-none-eabi/8.1.0/../../../../arm-none-eabi/lib/thumb/v7-m/nofp/libc.a(lib_a-memset.o)

Cross Reference Table

Symbol                                            File
__fini_array_end                                  ../libopencm3/lib/libopencm3_stm32f1.a(vector.o)
__fini_array_start                                ../libopencm3/lib/libopencm3_stm32f1.a(vector.o)
__init_array_end                                  ../libopencm3/lib/libopencm3_stm32f1.a(vector.o)
__init_array_start                                ../libopencm3/lib/libopencm3_stm32f1.a(vector.o)
__preinit_array_end                               ../libopencm3/lib/libopencm3_stm32f1.a(vector.o)
__preinit_array_start                             ../libopencm3/lib/libopencm3_stm32f1.a(vector.o)
_data                                             ../libopencm3/lib/libopencm3_stm32f1.a(vector.o)
_data_loadaddr                                    ../libopencm3/lib/libopencm3_stm32f1.a(vector.o)
_ebss                                             ../libopencm3/lib/libopencm3_stm32f1.a(vector.o)
_edata                                            ../libopencm3/lib/libopencm3_stm32f1.a(vector.o)
_stack                                            ../libopencm3/lib/libopencm3_stm32f1.a(vector.o)
adc1_2_isr                                        ../libopencm3/lib/libopencm3_stm32f1.a(vector.o)
adc3_isr                                          ../libopencm3/lib/libopencm3_stm32f1.a(vector.o)
blinkTask                                         miniblink.o
blocking_handler                                  ../libopencm3/lib/libopencm3_stm32f1.a(vector.o)
bus_fault_handler                                 ../libopencm3/lib/libopencm3_stm32f1.a(vector.o)
can2_rx0_isr                                      ../libopencm3/lib/libopencm3_stm32f1.a(vector.o)
can2_rx1_isr                                      ../libopencm3/lib/libopencm3_stm32f1.a(vector.o)
can2_sce_isr                                      ../libopencm3/lib/libopencm3_stm32f1.a(vector.o)
can2_tx_isr                                       ../libopencm3/lib/libopencm3_stm32f1.a(vector.o)
can_rx1_isr                                       ../libopencm3/lib/libopencm3_stm32f1.a(vector.o)
can_sce_isr                                       ../libopencm3/lib/libopencm3_stm32f1.a(vector.o)
debug_monitor_handler                             ../libopencm3/lib/libopencm3_stm32f1.a(vector.o)
dma1_channel1_isr                                 ../libopencm3/lib/libopencm3_stm32f1.a(vector.o)
dma1_channel2_isr                                 ../libopencm3/lib/libopencm3_stm32f1.a(vector.o)
dma1_channel3_isr                                 ../libopencm3/lib/libopencm3_stm32f1.a(vector.o)
dma1_channel4_isr                                 ../libopencm3/lib/libopencm3_stm32f1.a(vector.o)
dma1_channel5_isr                                 ../libopencm3/lib/libopencm3_stm32f1.a(vector.o)
dma1_channel6_isr                                 ../libopencm3/lib/libopencm3_stm32f1.a(vector.o)
dma1_channel7_isr                                 ../libopencm3/lib/libopencm3_stm32f1.a(vector.o)
dma2_channel1_isr                                 ../libopencm3/lib/libopencm3_stm32f1.a(vector.o)
dma2_channel2_isr                                 ../libopencm3/lib/libopencm3_stm32f1.a(vector.o)
dma2_channel3_isr                                 ../libopencm3/lib/libopencm3_stm32f1.a(vector.o)
dma2_channel4_5_isr                               ../libopencm3/lib/libopencm3_stm32f1.a(vector.o)
dma2_channel5_isr                                 ../libopencm3/lib/libopencm3_stm32f1.a(vector.o)
eTaskGetState                                     tasks.o
eth_isr                                           ../libopencm3/lib/libopencm3_stm32f1.a(vector.o)
eth_wkup_isr                                      ../libopencm3/lib/libopencm3_stm32f1.a(vector.o)
exti0_isr                                         ../libopencm3/lib/libopencm3_stm32f1.a(vector.o)
exti15_10_isr                                     ../libopencm3/lib/libopencm3_stm32f1.a(vector.o)
exti1_isr                                         ../libopencm3/lib/libopencm3_stm32f1.a(vector.o)
exti2_isr                                         ../libopencm3/lib/libopencm3_stm32f1.a(vector.o)
exti3_isr                                         ../libopencm3/lib/libopencm3_stm32f1.a(vector.o)
exti4_isr                                         ../libopencm3/lib/libopencm3_stm32f1.a(vector.o)
exti9_5_isr                                       ../libopencm3/lib/libopencm3_stm32f1.a(vector.o)
flash_isr                                         ../libopencm3/lib/libopencm3_stm32f1.a(vector.o)
fsmc_isr                                          ../libopencm3/lib/libopencm3_stm32f1.a(vector.o)
gpio_clear                                        ../libopencm3/lib/libopencm3_stm32f1.a(gpio_common_all.o)
gpio_get                                          ../libopencm3/lib/libopencm3_stm32f1.a(gpio_common_all.o)
gpio_port_config_lock                             ../libopencm3/lib/libopencm3_stm32f1.a(gpio_common_all.o)
gpio_port_read                                    ../libopencm3/lib/libopencm3_stm32f1.a(gpio_common_all.o)
gpio_port_write                                   ../libopencm3/lib/libopencm3_stm32f1.a(gpio_common_all.o)
gpio_primary_remap                                ../libopencm3/lib/libopencm3_stm32f1.a(gpio.o)
gpio_secondary_remap                              ../libopencm3/lib/libopencm3_stm32f1.a(gpio.o)
gpio_set                                          ../libopencm3/lib/libopencm3_stm32f1.a(gpio_common_all.o)
gpio_set_eventout                                 ../libopencm3/lib/libopencm3_stm32f1.a(gpio.o)
gpio_set_mode                                     ../libopencm3/lib/libopencm3_stm32f1.a(gpio.o)
                                                  miniblink.o
gpio_toggle                                       ../libopencm3/lib/libopencm3_stm32f1.a(gpio_common_all.o)
                                                  miniblink.o
hard_fault_handler                                ../libopencm3/lib/libopencm3_stm32f1.a(vector.o)
i2c1_er_isr                                       ../libopencm3/lib/libopencm3_stm32f1.a(vector.o)
i2c1_ev_isr                                       ../libopencm3/lib/libopencm3_stm32f1.a(vector.o)
i2c2_er_isr                                       ../libopencm3/lib/libopencm3_stm32f1.a(vector.o)
i2c2_ev_isr                                       ../libopencm3/lib/libopencm3_stm32f1.a(vector.o)
main                                              miniblink.o
                                                  ../libopencm3/lib/libopencm3_stm32f1.a(vector.o)
mem_manage_handler                                ../libopencm3/lib/libopencm3_stm32f1.a(vector.o)
memcpy                                            /usr/lib/gcc/arm-none-eabi/8.1.0/../../../../arm-none-eabi/lib/thumb/v7-m/nofp/libc.a(lib_a-memcpy.o)
                                                  queue.o
memset                                            /usr/lib/gcc/arm-none-eabi/8.1.0/../../../../arm-none-eabi/lib/thumb/v7-m/nofp/libc.a(lib_a-memset.o)
                                                  tasks.o
nmi_handler                                       ../libopencm3/lib/libopencm3_stm32f1.a(vector.o)
null_handler                                      ../libopencm3/lib/libopencm3_stm32f1.a(vector.o)
otg_fs_isr                                        ../libopencm3/lib/libopencm3_stm32f1.a(vector.o)
pcTaskGetName                                     tasks.o
pend_sv_handler                                   opencm3.o
pvPortMalloc                                      heap_1.o
                                                  queue.o
                                                  tasks.o
pvTaskIncrementMutexHeldCount                     tasks.o
                                                  queue.o
pvd_isr                                           ../libopencm3/lib/libopencm3_stm32f1.a(vector.o)
pxCurrentTCB                                      tasks.o
                                                  port.o
pxPortInitialiseStack                             port.o
                                                  tasks.o
rcc_isr                                           ../libopencm3/lib/libopencm3_stm32f1.a(vector.o)
rcc_osc_bypass_disable                            ../libopencm3/lib/libopencm3_stm32f1.a(rcc_common_all.o)
rcc_osc_bypass_enable                             ../libopencm3/lib/libopencm3_stm32f1.a(rcc_common_all.o)
rcc_periph_clock_disable                          ../libopencm3/lib/libopencm3_stm32f1.a(rcc_common_all.o)
rcc_periph_clock_enable                           ../libopencm3/lib/libopencm3_stm32f1.a(rcc_common_all.o)
                                                  miniblink.o
rcc_periph_reset_hold                             ../libopencm3/lib/libopencm3_stm32f1.a(rcc_common_all.o)
rcc_periph_reset_pulse                            ../libopencm3/lib/libopencm3_stm32f1.a(rcc_common_all.o)
rcc_periph_reset_release                          ../libopencm3/lib/libopencm3_stm32f1.a(rcc_common_all.o)
rcc_peripheral_clear_reset                        ../libopencm3/lib/libopencm3_stm32f1.a(rcc_common_all.o)
rcc_peripheral_disable_clock                      ../libopencm3/lib/libopencm3_stm32f1.a(rcc_common_all.o)
rcc_peripheral_enable_clock                       ../libopencm3/lib/libopencm3_stm32f1.a(rcc_common_all.o)
rcc_peripheral_reset                              ../libopencm3/lib/libopencm3_stm32f1.a(rcc_common_all.o)
rcc_set_mco                                       ../libopencm3/lib/libopencm3_stm32f1.a(rcc_common_all.o)
reset_handler                                     ../libopencm3/lib/libopencm3_stm32f1.a(vector.o)
rtc_alarm_isr                                     ../libopencm3/lib/libopencm3_stm32f1.a(vector.o)
rtc_isr                                           ../libopencm3/lib/libopencm3_stm32f1.a(vector.o)
sdio_isr                                          ../libopencm3/lib/libopencm3_stm32f1.a(vector.o)
spi1_isr                                          ../libopencm3/lib/libopencm3_stm32f1.a(vector.o)
spi2_isr                                          ../libopencm3/lib/libopencm3_stm32f1.a(vector.o)
spi3_isr                                          ../libopencm3/lib/libopencm3_stm32f1.a(vector.o)
sv_call_handler                                   opencm3.o
sys_tick_handler                                  opencm3.o
tamper_isr                                        ../libopencm3/lib/libopencm3_stm32f1.a(vector.o)
tim1_brk_isr                                      ../libopencm3/lib/libopencm3_stm32f1.a(vector.o)
tim1_cc_isr                                       ../libopencm3/lib/libopencm3_stm32f1.a(vector.o)
tim1_trg_com_isr                                  ../libopencm3/lib/libopencm3_stm32f1.a(vector.o)
tim1_up_isr                                       ../libopencm3/lib/libopencm3_stm32f1.a(vector.o)
tim2_isr                                          ../libopencm3/lib/libopencm3_stm32f1.a(vector.o)
tim3_isr                                          ../libopencm3/lib/libopencm3_stm32f1.a(vector.o)
tim4_isr                                          ../libopencm3/lib/libopencm3_stm32f1.a(vector.o)
tim5_isr                                          ../libopencm3/lib/libopencm3_stm32f1.a(vector.o)
tim6_isr                                          ../libopencm3/lib/libopencm3_stm32f1.a(vector.o)
tim7_isr                                          ../libopencm3/lib/libopencm3_stm32f1.a(vector.o)
tim8_brk_isr                                      ../libopencm3/lib/libopencm3_stm32f1.a(vector.o)
tim8_cc_isr                                       ../libopencm3/lib/libopencm3_stm32f1.a(vector.o)
tim8_trg_com_isr                                  ../libopencm3/lib/libopencm3_stm32f1.a(vector.o)
tim8_up_isr                                       ../libopencm3/lib/libopencm3_stm32f1.a(vector.o)
toggleLED()                                       miniblink.o
uart4_isr                                         ../libopencm3/lib/libopencm3_stm32f1.a(vector.o)
uart5_isr                                         ../libopencm3/lib/libopencm3_stm32f1.a(vector.o)
ucQueueGetQueueType                               queue.o
ulTaskNotifyTake                                  tasks.o
usage_fault_handler                               ../libopencm3/lib/libopencm3_stm32f1.a(vector.o)
usart1_isr                                        ../libopencm3/lib/libopencm3_stm32f1.a(vector.o)
usart2_isr                                        ../libopencm3/lib/libopencm3_stm32f1.a(vector.o)
usart3_isr                                        ../libopencm3/lib/libopencm3_stm32f1.a(vector.o)
usb_hp_can_tx_isr                                 ../libopencm3/lib/libopencm3_stm32f1.a(vector.o)
usb_lp_can_rx0_isr                                ../libopencm3/lib/libopencm3_stm32f1.a(vector.o)
usb_wakeup_isr                                    ../libopencm3/lib/libopencm3_stm32f1.a(vector.o)
uxListRemove                                      list.o
                                                  tasks.o
uxQueueGetQueueNumber                             queue.o
uxQueueMessagesWaiting                            queue.o
uxQueueMessagesWaitingFromISR                     queue.o
uxQueueSpacesAvailable                            queue.o
uxTaskGetNumberOfTasks                            tasks.o
uxTaskGetSystemState                              tasks.o
uxTaskGetTaskNumber                               tasks.o
uxTaskPriorityGet                                 tasks.o
uxTaskPriorityGetFromISR                          tasks.o
uxTaskResetEventItemValue                         tasks.o
vApplicationStackOverflowHook                     miniblink.o
                                                  tasks.o
vListInitialise                                   list.o
                                                  queue.o
                                                  tasks.o
vListInitialiseItem                               list.o
                                                  tasks.o
vListInsert                                       list.o
                                                  tasks.o
vListInsertEnd                                    list.o
                                                  tasks.o
vPortEndScheduler                                 port.o
                                                  tasks.o
vPortEnterCritical                                port.o
                                                  queue.o
                                                  tasks.o
vPortExitCritical                                 port.o
                                                  queue.o
                                                  tasks.o
vPortFree                                         heap_1.o
                                                  queue.o
                                                  tasks.o
vPortInitialiseBlocks                             heap_1.o
vPortSVCHandler                                   port.o
                                                  opencm3.o
vPortSetupTimerInterrupt                          port.o
vQueueDelete                                      queue.o
vQueueSetQueueNumber                              queue.o
vTaskDelay                                        tasks.o
                                                  miniblink.o
vTaskDelayUntil                                   tasks.o
vTaskDelete                                       tasks.o
vTaskEndScheduler                                 tasks.o
vTaskGetInfo                                      tasks.o
vTaskInternalSetTimeOutState                      tasks.o
                                                  queue.o
vTaskMissedYield                                  tasks.o
                                                  queue.o
vTaskNotifyGiveFromISR                            tasks.o
vTaskPlaceOnEventList                             tasks.o
                                                  queue.o
vTaskPlaceOnUnorderedEventList                    tasks.o
vTaskPriorityDisinheritAfterTimeout               tasks.o
                                                  queue.o
vTaskPrioritySet                                  tasks.o
vTaskRemoveFromUnorderedEventList                 tasks.o
vTaskResume                                       tasks.o
vTaskSetTaskNumber                                tasks.o
vTaskSetTimeOutState                              tasks.o
vTaskStartScheduler                               tasks.o
                                                  miniblink.o
vTaskSuspend                                      tasks.o
vTaskSuspendAll                                   tasks.o
                                                  heap_1.o
                                                  queue.o
vTaskSwitchContext                                tasks.o
                                                  port.o
vector_table                                      ../libopencm3/lib/libopencm3_stm32f1.a(vector.o)
wwdg_isr                                          ../libopencm3/lib/libopencm3_stm32f1.a(vector.o)
xPortGetFreeHeapSize                              heap_1.o
xPortPendSVHandler                                port.o
                                                  opencm3.o
xPortStartScheduler                               port.o
                                                  tasks.o
xPortSysTickHandler                               port.o
                                                  opencm3.o
xQueueCreateCountingSemaphore                     queue.o
xQueueCreateMutex                                 queue.o
xQueueGenericCreate                               queue.o
xQueueGenericReset                                queue.o
xQueueGenericSend                                 queue.o
xQueueGenericSendFromISR                          queue.o
xQueueGiveFromISR                                 queue.o
xQueueGiveMutexRecursive                          queue.o
xQueueIsQueueEmptyFromISR                         queue.o
xQueueIsQueueFullFromISR                          queue.o
xQueuePeek                                        queue.o
xQueuePeekFromISR                                 queue.o
xQueueReceive                                     queue.o
xQueueReceiveFromISR                              queue.o
xQueueSemaphoreTake                               queue.o
xQueueTakeMutexRecursive                          queue.o
xTaskCheckForTimeOut                              tasks.o
                                                  queue.o
xTaskCreate                                       tasks.o
                                                  miniblink.o
xTaskGenericNotify                                tasks.o
xTaskGenericNotifyFromISR                         tasks.o
xTaskGetCurrentTaskHandle                         tasks.o
                                                  queue.o
xTaskGetTickCount                                 tasks.o
                                                  miniblink.o
xTaskGetTickCountFromISR                          tasks.o
xTaskIncrementTick                                tasks.o
                                                  port.o
xTaskNotifyStateClear                             tasks.o
xTaskNotifyWait                                   tasks.o
xTaskPriorityDisinherit                           tasks.o
                                                  queue.o
xTaskPriorityInherit                              tasks.o
                                                  queue.o
xTaskRemoveFromEventList                          tasks.o
                                                  queue.o
xTaskResumeAll                                    tasks.o
                                                  heap_1.o
                                                  queue.o
xTaskResumeFromISR                                tasks.o
